writing some stuff 1
writing some stuff 2
Longest line (2): ranasdasdasdasdasddom stuff
Longest line (2): ranasdasdasdasdasddom stuff
string value
string value 1
string value 2
value 3
ranasdasdasdasdasddom stuff
